// Jest Snapshot v1, https://goo.gl/fbAQLP

exports[`App snapshots match 1`] = `ShallowWrapper {}`;
